// Jest Snapshot v1, https://goo.gl/fbAQLP

exports[`renders correctly 1`] = `
<div
  className="container mx-auto text-white"
  id="App"
>
  <header
    className="py-2 text-center text-2xl md:text-3xl"
    id="App-header"
  >
    Calendar App
  </header>
  <header
    className="flex flex-row justify-around"
  >
    <button
      className="p-2 bg-white border border-black text-black rounded-md hover:bg-gray-300"
      onClick={[Function]}
    >
      previous
    </button>
    <div
      data-testid="current-month-name"
    >
      January
    </div>
    <button
      className="p-2 bg-white border border-black text-black rounded-md hover:bg-gray-300"
      onClick={[Function]}
    >
      next
    </button>
  </header>
</div>
`;
