// Jest Snapshot v1, https://goo.gl/fbAQLP

exports[`renders correctly 1`] = `
<div
  className="container mx-auto text-white"
  id="App"
>
  <header
    className="py-2 text-center text-2xl md:text-3xl"
    id="App-header"
  >
    Calendar App
  </header>
  <div
    className="flex flex-row justify-around"
    id="Current-month-header"
  >
    <div
      id="Current-month-left-nav"
      onClick={[Function]}
    >
      previous
    </div>
    <div
      id="Current-month-name"
    >
      January
    </div>
    <div
      id="Current-month-left-nav"
      onClick={[Function]}
    >
      next
    </div>
  </div>
</div>
`;
