// Jest Snapshot v1, https://goo.gl/fbAQLP

exports[`renders correctly 1`] = `
<ul
  className="flex flex-row justify-between"
>
  <li>
    Sunday
  </li>
  <li>
    Monday
  </li>
  <li>
    Tuesday
  </li>
  <li>
    Wednesday
  </li>
  <li>
    Thursday
  </li>
  <li>
    Friday
  </li>
  <li>
    Saturday
  </li>
</ul>
`;
